// Jest Snapshot v1, https://goo.gl/fbAQLP

exports[`create user view test renders view 1`] = `
<form
  onSubmit={[Function]}
>
  <h1>
    Create new user
  </h1>
  <div>
    <label>
      First Name
      :
       
      <input
        onChange={[Function]}
        type="text"
        value=""
      />
    </label>
  </div>
  <div>
    <label>
      Last Name
      :
       
      <input
        onChange={[Function]}
        type="text"
        value=""
      />
    </label>
  </div>
  <div>
    <label>
      Email
      :
       
      <input
        onChange={[Function]}
        type="text"
        value=""
      />
    </label>
  </div>
  <div>
    <label>
      Password
      :
       
      <input
        onChange={[Function]}
        type="password"
        value=""
      />
    </label>
  </div>
  <button>
    Submit
  </button>
</form>
`;
