// Jest Snapshot v1, https://goo.gl/fbAQLP

exports[`edit user page can show error message 1`] = `"<div>Something went wrong: Error: Failed to load</div><button>Try again</button>"`;

exports[`edit user page can show information about an existing user 1`] = `"<form><h1>Edit existing user (Laurent)</h1><div><label>First Name: <input type=\\"text\\" value=\\"Laurent\\"></label></div><div><label>Last Name: <input type=\\"text\\" value=\\"Bajrami\\"></label></div><div><label>email: <input type=\\"text\\" value=\\"\\"></label></div><div><label>Password: <input type=\\"password\\" value=\\"\\"></label></div><button>Submit</button></form>"`;

exports[`edit user page can show loading screen 1`] = `"<div>Loading ...</div>"`;
